001
002
Fizz
004
Buzz
Fizz
007
008
Fizz
Buzz
011
Fizz
013
014
FizzBuzz
016
017
Fizz
019
Buzz
Fizz
022
023
Fizz
Buzz
026
Fizz
028
029
FizzBuzz
031
032
Fizz
034
Buzz
Fizz
037
038
Fizz
Buzz
041
Fizz
043
044
FizzBuzz
046
047
Fizz
049
Buzz
Fizz
052
053
Fizz
Buzz
056
Fizz
058
059
FizzBuzz
061
062
Fizz
064
Buzz
Fizz
067
068
Fizz
Buzz
071
Fizz
073
074
FizzBuzz
076
077
Fizz
079
Buzz
Fizz
082
083
Fizz
Buzz
086
Fizz
088
089
FizzBuzz
091
092
Fizz
094
Buzz
Fizz
097
098
Fizz
Buzz
101
Fizz
103
104
FizzBuzz
106
107
Fizz
109
Buzz
Fizz
112
113
Fizz
Buzz
116
Fizz
118
119
FizzBuzz
121
122
Fizz
124
Buzz
Fizz
127
128
Fizz
Buzz
131
Fizz
133
134
FizzBuzz
136
137
Fizz
139
Buzz
Fizz
142
143
Fizz
Buzz
146
Fizz
148
149
FizzBuzz
151
152
Fizz
154
Buzz
Fizz
157
158
Fizz
Buzz
161
Fizz
163
164
FizzBuzz
166
167
Fizz
169
Buzz
Fizz
172
173
Fizz
Buzz
176
Fizz
178
179
FizzBuzz
181
182
Fizz
184
Buzz
Fizz
187
188
Fizz
Buzz
191
Fizz
193
194
FizzBuzz
196
197
Fizz
199
Buzz
Fizz
202
203
Fizz
Buzz
206
Fizz
208
209
FizzBuzz
211
212
Fizz
214
Buzz
Fizz
217
218
Fizz
Buzz
221
Fizz
223
224
FizzBuzz
226
227
Fizz
229
Buzz
Fizz
232
233
Fizz
Buzz
236
Fizz
238
239
FizzBuzz
241
242
Fizz
244
Buzz
Fizz
247
248
Fizz
Buzz
251
Fizz
253
254
FizzBuzz
